2026-04-20 23:44:13,740 - __main__ - INFO - === Starting daily update job ===
2026-04-20 23:44:13,759 - __main__ - INFO - Fetching BPI ratings from ESPN...
2026-04-20 23:44:14,186 - __main__ - ERROR - Failed to fetch BPI ratings
2026-04-20 23:44:14,186 - __main__ - INFO - Fetching schedule and results from ESPN...
2026-04-20 23:44:14,385 - src.data.espn_api - ERROR - Failed to fetch schedule: 404 Client Error: Not Found for url: https://site.api.espn.com/apis/site/v2/sports/basketball/wnba/schedule?season=2025
2026-04-20 23:44:14,385 - __main__ - ERROR - Daily update job failed: Failed to fetch schedule: 404 Client Error: Not Found for url: https://site.api.espn.com/apis/site/v2/sports/basketball/wnba/schedule?season=2025
Traceback (most recent call last):
  File "/Users/maggie/wnba-games-to-watch/src/data/espn_api.py", line 58, in fetch_schedule_and_results
    response.raise_for_status()
    ~~~~~~~~~~~~~~~~~~~~~~~~~^^
  File "/Users/maggie/wnba-games-to-watch/venv/lib/python3.13/site-packages/requests/models.py", line 1021, in raise_for_status
    raise HTTPError(http_error_msg, response=self)
requests.exceptions.HTTPError: 404 Client Error: Not Found for url: https://site.api.espn.com/apis/site/v2/sports/basketball/wnba/schedule?season=2025

During handling of the above exception, another exception occurred:

Traceback (most recent call last):
  File "/Users/maggie/wnba-games-to-watch/scripts/daily_update.py", line 239, in main
    games = fetch_and_store_games(session)
  File "/Users/maggie/wnba-games-to-watch/scripts/daily_update.py", line 56, in fetch_and_store_games
    games = fetch_schedule_and_results(season=2025)
  File "/Users/maggie/wnba-games-to-watch/src/data/espn_api.py", line 73, in fetch_schedule_and_results
    raise ESPNAPIError(f"Failed to fetch schedule: {e}")
src.data.espn_api.ESPNAPIError: Failed to fetch schedule: 404 Client Error: Not Found for url: https://site.api.espn.com/apis/site/v2/sports/basketball/wnba/schedule?season=2025
2026-04-20 23:47:49,816 - __main__ - INFO - === Starting daily update job ===
2026-04-20 23:47:49,834 - __main__ - INFO - Fetching BPI ratings from ESPN...
2026-04-20 23:47:50,386 - src.data.espn_api - INFO - BPI season 2026 has no data, trying previous season
2026-04-20 23:47:50,748 - src.data.espn_api - INFO - Fetched BPI for 13 teams from 2025 season
2026-04-20 23:47:50,780 - __main__ - INFO - Stored 13 team BPI ratings
2026-04-20 23:47:50,780 - __main__ - INFO - Fetching schedule and results from ESPN...
2026-04-20 23:47:52,117 - src.data.espn_api - INFO - Fetched 7 games from ESPN scoreboard
2026-04-20 23:47:52,117 - __main__ - INFO - Fetching broadcaster info from WNBA.com...
2026-04-20 23:48:02,181 - src.data.wnba_schedule - ERROR - Failed to fetch WNBA schedule: HTTPSConnectionPool(host='www.wnba.com', port=443): Read timed out. (read timeout=10)
2026-04-20 23:48:02,188 - __main__ - WARNING - Unknown team(s): 'Los Angeles Sparks', 'Nigeria' — skipping
2026-04-20 23:48:02,193 - __main__ - WARNING - Unknown team(s): 'Las Vegas Aces', 'Japan' — skipping
2026-04-20 23:48:02,193 - __main__ - WARNING - Unknown team(s): 'Minnesota Lynx', 'Nigeria' — skipping
2026-04-20 23:48:02,193 - __main__ - INFO - Upserted 4 games
2026-04-20 23:48:02,195 - __main__ - INFO - Computed standings for 13 teams
2026-04-20 23:48:02,195 - __main__ - INFO - No upcoming games today
2026-04-20 23:48:02,195 - __main__ - INFO - Stored 0 daily rankings
2026-04-20 23:48:02,195 - __main__ - INFO - === Daily update job completed successfully ===
